__init__: (10,), {}
add: (9,), {}
29
add: (9,), {'another': 8, 'end': 1}
28
