__init__: (10, 5), {}
add: (9,), {'end': 8}
32
sub: (9,), {'another': 10, 'end': 7}
74
