######
#....#
#....#
#~~~~#
#~~~~#
#~~~~#
#~~~~#
#~~~~#
#~~~~#
######
........                  8/32
~~~~~~~~~~~~~~~~~~~~~~~~ 24/32
